Linux
        Administration
        Scripting
                Tips and Tricks
Windows
        Administration
Database
        Administration of Oracle
        Administration of Mysql
Security
        Network
                 Online\
        Security
Productivity
        Google Search\
        Tips
        
