This is other text, that should not stay other text.
