This is some line.
This is the last line of input.
This is the last line of input.
