aaz
aBz
acz
aZz
a4z
axz
axz
axz
axz
axz
axz
axz
axz
axz
axz
axz
axz
axz
axz
