line A
line B
line B
line C
line C
line D
line D
line E
and so on
