This is other text, that should not stay some text.
