the captial letters should all get converted to lower-case.
